category,total_revenue,products_sold,avg_price
Electronics,6499.87,14,464.28
Furniture,1637.92,8,204.74
Appliances,629.94,4,157.49
