month,total_orders,total_revenue,avg_order_value
2024-01,2,1929.97,964.99
2024-02,3,2919.92,973.31
2024-03,5,2439.89,487.98
