customer_name,total_spent,order_count
Alice Johnson,1579.96,2
Diana Prince,1799.97,1
George Wilson,1149.98,1
Charlie Brown,789.97,1
Helena Rodriguez,679.98,1
Bob Smith,599.99,1
Fiona Green,459.98,1
Edward Norton,329.98,1
Ivan Petrov,899.97,1
